// Jest Snapshot v1, https://goo.gl/fbAQLP

exports[`should render FormParent 1`] = `
<FormPageContainerStyled__FormPageContainer>
  <FormNav
    values={
      Object {
        "direction": "long",
        "entry": "",
        "market": "dax",
        "setup": "ibl",
        "status": "closed",
        "stop": "",
        "target": "",
      }
    }
  />
  <FormContainerStyled__FormContainer>
    <WithStyles(ForwardRef(TextField))
      className="makeStyles-textField-9"
      error={false}
      label="Entry"
      name="entry"
      placeholder="Entry"
      value=""
    />
    <WithStyles(ForwardRef(TextField))
      className="makeStyles-textField-9"
      error={false}
      label="Initial stop"
      name="stop"
      placeholder="Initial stop"
      value=""
    />
    <WithStyles(ForwardRef(FormHelperText))
      className="makeStyles-helperText-6"
      error={false}
    >
       
    </WithStyles(ForwardRef(FormHelperText))>
    <WithStyles(ForwardRef(TextField))
      className="makeStyles-textField-9"
      label="Initial target"
      name="target"
      placeholder="Initial target"
      value=""
    />
    <WithStyles(ForwardRef(FormHelperText))
      className="makeStyles-helperText-6"
    >
       
    </WithStyles(ForwardRef(FormHelperText))>
    <WithStyles(ForwardRef(TextField))
      className="makeStyles-textField-9"
      label="Actual exit"
      name="exit"
      placeholder="Actual exit"
    />
    <div
      className="makeStyles-buttonContainer-1"
    >
      <WithStyles(ForwardRef(Button))
        className="makeStyles-button-2"
        onClick={[Function]}
      >
        Back
      </WithStyles(ForwardRef(Button))>
      <WithStyles(ForwardRef(Button))
        className="makeStyles-button-2"
        onClick={[Function]}
      >
        Next
      </WithStyles(ForwardRef(Button))>
    </div>
  </FormContainerStyled__FormContainer>
</FormPageContainerStyled__FormPageContainer>
`;
