// Jest Snapshot v1, https://goo.gl/fbAQLP

exports[`should render TabelClosedTrades with trades data 1`] = `
<div>
  <Connect(EnhancedTable)
    columns={
      Array [
        Object {
          "Header": "Market",
          "accessor": "market",
        },
        Object {
          "Header": "Direction",
          "accessor": "direction",
        },
        Object {
          "Header": "Setup",
          "accessor": "setup",
        },
        Object {
          "Header": "R",
          "accessor": "rMultiple",
        },
        Object {
          "Cell": [Function],
          "Header": "Opened",
          "accessor": "opened",
        },
        Object {
          "Cell": [Function],
          "Header": "Closed",
          "accessor": "closed",
        },
        Object {
          "Header": "Outcome",
          "accessor": "outcome",
        },
      ]
    }
    data={Array []}
    fetchData={[Function]}
    setData={[Function]}
    skipPageReset={false}
    tableName="Closed Trades"
    updateMyData={[Function]}
  />
</div>
`;

exports[`should render TabelClosedTrades without data 1`] = `
<div>
  <Connect(EnhancedTable)
    columns={
      Array [
        Object {
          "Header": "Market",
          "accessor": "market",
        },
        Object {
          "Header": "Direction",
          "accessor": "direction",
        },
        Object {
          "Header": "Setup",
          "accessor": "setup",
        },
        Object {
          "Header": "R",
          "accessor": "rMultiple",
        },
        Object {
          "Cell": [Function],
          "Header": "Opened",
          "accessor": "opened",
        },
        Object {
          "Cell": [Function],
          "Header": "Closed",
          "accessor": "closed",
        },
        Object {
          "Header": "Outcome",
          "accessor": "outcome",
        },
      ]
    }
    data={Array []}
    fetchData={[Function]}
    setData={[Function]}
    skipPageReset={false}
    tableName="Closed Trades"
    updateMyData={[Function]}
  />
</div>
`;
